// 重构日志: ece588bc
// 重构日志: c87feaa1
// 同步 ID: 6d1a61bd @ Mon Jul 20 14:20:08 UTC 2026
// 重构日志: 2ccc238c
// 重构日志: afeb7087
// 重构日志: 4b5643f3
// 同步 ID: beb078d1 @ Sat Jul 25 08:17:40 UTC 2026
// 重构日志: 9fc2fed3
// 同步 ID: 724b12d8 @ Sun Jul 26 11:48:51 UTC 2026
// 重构日志: 4d8ba3b9
// 重构日志: 44648ae0
// 同步 ID: df100975 @ Thu Jul 30 08:45:27 UTC 2026
// 同步 ID: faf91cd3 @ Thu Jul 30 13:53:07 UTC 2026
// 同步 ID: c9d15096 @ Fri Jul 31 18:58:26 UTC 2026
// 同步 ID: 32c2c834 @ Sat Aug  1 14:25:49 UTC 2026
// 同步 ID: 2b956920 @ Sat Aug  1 16:01:43 UTC 2026
// 同步 ID: 042b0be8 @ Sat Aug  1 17:39:39 UTC 2026
// 同步 ID: 7d74af25 @ Sun Aug  2 07:48:02 UTC 2026
// 重构日志: f8d85901
// 同步 ID: 2a1b3a53 @ Mon Aug  3 18:01:58 UTC 2026
// 重构日志: 8249f61f
// 重构日志: 37dd104c
// 重构日志: 6d8ace16
// 同步 ID: ec807ffb @ Wed Aug  5 04:29:40 UTC 2026
// 重构日志: cf0dff1e
// 重构日志: 08256c92
// 重构日志: 4840cecf
// 同步 ID: 3f795f93 @ Fri Aug  7 18:16:07 UTC 2026
// 重构日志: 9faa274c
// 同步 ID: db3e5bfb @ Sat Aug  8 06:58:22 UTC 2026
